******************************************************************************
                  TI ARM Linker PC v18.1.2                     
******************************************************************************
>> Linked Wed Sep 19 22:04:22 2018

OUTPUT FILE NAME:   <pwm-emb.out>
ENTRY POINT SYMBOL: "_c_int00_noargs"  address: 0000096d


MEMORY CONFIGURATION

         name            origin    length      used     unused   attr    fill
----------------------  --------  ---------  --------  --------  ----  --------
  FLASH                 00000000   00040000  000009e2  0003f61e  R  X
  SRAM                  20000000   00008000  00000214  00007dec  RW X


SEGMENT ALLOCATION MAP

run origin  load origin   length   init length attrs members
----------  ----------- ---------- ----------- ----- -------
00000000    00000000    000009e4   000009e4    r-x
  00000000    00000000    0000026c   0000026c    r-- .intvecs
  0000026c    0000026c    0000075a   0000075a    r-x .text
  000009c8    000009c8    0000001c   0000001c    r-- .cinit
20000000    20000000    00000214   00000000    rw-
  20000000    20000000    00000200   00000000    rw- .stack
  20000200    20000200    00000014   00000000    rw- .data


SECTION ALLOCATION MAP

 output                                  attributes/
section   page    origin      length       input sections
--------  ----  ----------  ----------   ----------------
.intvecs   0    00000000    0000026c     
                  00000000    0000026c     tm4c123gh6pm_startup_ccs.obj (.intvecs)

.text      0    0000026c    0000075a     
                  0000026c    00000168     eeprom.obj (.text)
                  000003d4    00000164     lcd.obj (.text)
                  00000538    00000134     interrupt.obj (.text)
                  0000066c    000000f8     pwm.obj (.text)
                  00000764    0000009c     rtsv7M4_T_le_v4SPD16_eabi.lib : memcpy_t2.asm.obj (.text)
                  00000800    0000006c     systick.obj (.text)
                  0000086c    00000068     rtsv7M4_T_le_v4SPD16_eabi.lib : copy_decompress_lzss.c.obj (.text:decompress:lzss:__TI_decompress_lzss)
                  000008d4    00000054     main.obj (.text)
                  00000928    00000044     rtsv7M4_T_le_v4SPD16_eabi.lib : autoinit.c.obj (.text:__TI_auto_init_nobinit_nopinit:__TI_auto_init_nobinit_nopinit)
                  0000096c    00000038                                   : boot_cortex_m.c.obj (.text:_c_int00_noargs:_c_int00_noargs)
                  000009a4    0000000e                                   : copy_decompress_none.c.obj (.text:decompress:none:__TI_decompress_none)
                  000009b2    0000000c     tm4c123gh6pm_startup_ccs.obj (.text)
                  000009be    00000004     rtsv7M4_T_le_v4SPD16_eabi.lib : pre_init.c.obj (.text:_system_pre_init)
                  000009c2    00000004                                   : exit.c.obj (.text:abort:abort)

.cinit     0    000009c8    0000001c     
                  000009c8    0000000a     (.cinit..data.load) [load image, compression = lzss]
                  000009d2    00000002     --HOLE-- [fill = 0]
                  000009d4    00000008     (__TI_handler_table)
                  000009dc    00000008     (__TI_cinit_table)

.init_array 
*          0    00000000    00000000     UNINITIALIZED

.data      0    20000200    00000014     UNINITIALIZED
                  20000200    00000010     main.obj (.data:g_porcentagem)
                  20000210    00000004     main.obj (.data)

.stack     0    20000000    00000200     UNINITIALIZED
                  20000000    00000004     rtsv7M4_T_le_v4SPD16_eabi.lib : boot_cortex_m.c.obj (.stack)
                  20000004    000001fc     --HOLE--

MODULE SUMMARY

       Module                         code   ro data   rw data
       ------                         ----   -------   -------
    .\
       tm4c123gh6pm_startup_ccs.obj   12     620       0      
       eeprom.obj                     360    0         0      
       lcd.obj                        356    0         0      
       interrupt.obj                  308    0         0      
       pwm.obj                        248    0         0      
       systick.obj                    108    0         0      
       main.obj                       84     0         20     
    +--+------------------------------+------+---------+---------+
       Total:                         1476   620       20     
                                                              
    C:\ti\ccsv8\tools\compiler\ti-cgt-arm_18.1.2.LTS\lib\rtsv7M4_T_le_v4SPD16_eabi.lib
       memcpy_t2.asm.obj              156    0         0      
       copy_decompress_lzss.c.obj     104    0         0      
       autoinit.c.obj                 68     0         0      
       boot_cortex_m.c.obj            56     0         0      
       copy_decompress_none.c.obj     14     0         0      
       exit.c.obj                     4      0         0      
       pre_init.c.obj                 4      0         0      
    +--+------------------------------+------+---------+---------+
       Total:                         406    0         0      
                                                              
       Stack:                         0      0         512    
       Linker Generated:              0      26        0      
    +--+------------------------------+------+---------+---------+
       Grand Total:                   1882   646       532    


LINKER GENERATED COPY TABLES

__TI_cinit_table @ 000009dc records: 1, size/record: 8, table size: 8
	.data: load addr=000009c8, load size=0000000a bytes, run addr=20000200, run size=00000014 bytes, compression=lzss


LINKER GENERATED HANDLER TABLE

__TI_handler_table @ 000009d4 records: 2, size/record: 4, table size: 8
	index: 0, handler: __TI_decompress_lzss
	index: 1, handler: __TI_decompress_none


GLOBAL SYMBOLS: SORTED ALPHABETICALLY BY Name 

address   name                          
-------   ----                          
000009c3  C$$EXIT                       
0000032b  EEPROM_read                   
0000036d  EEPROM_write                  
000009b3  ResetISR                      
20000200  __STACK_END                   
00000200  __STACK_SIZE                  
20000200  __STACK_TOP                   
000009dc  __TI_CINIT_Base               
000009e4  __TI_CINIT_Limit              
000009d4  __TI_Handler_Table_Base       
000009dc  __TI_Handler_Table_Limit      
00000929  __TI_auto_init_nobinit_nopinit
0000086d  __TI_decompress_lzss          
000009a5  __TI_decompress_none          
ffffffff  __TI_pprof_out_hndl           
ffffffff  __TI_prof_data_size           
ffffffff  __TI_prof_data_start          
00000000  __TI_static_base__            
00000765  __aeabi_memcpy                
00000765  __aeabi_memcpy4               
00000765  __aeabi_memcpy8               
ffffffff  __binit__                     
ffffffff  __c_args__                    
UNDEFED   __mpu_init                    
20000000  __stack                       
0000096d  _c_int00_noargs               
UNDEFED   _system_post_cinit            
000009bf  _system_pre_init              
000009c3  abort                         
ffffffff  binit                         
000004d7  cmdLcd                        
000003d5  enablePulsoLcd                
00000000  g_pfnVectors                  
20000200  g_porcentagem                 
20000210  g_tempoSystick                
0000026d  gravaEstado                   
00000539  initButt                      
00000297  initEeprom                    
000003eb  initLcd                       
0000066d  initPwm                       
00000801  initSysTick                   
000005c5  interruptPortB                
000005d5  interruptPortD                
000005e5  interruptPortF                
000008d5  main                          
00000765  memcpy                        
00000811  systickWait                   
00000837  uDelay                        


GLOBAL SYMBOLS: SORTED BY Symbol Address 

address   name                          
-------   ----                          
00000000  __TI_static_base__            
00000000  g_pfnVectors                  
00000200  __STACK_SIZE                  
0000026d  gravaEstado                   
00000297  initEeprom                    
0000032b  EEPROM_read                   
0000036d  EEPROM_write                  
000003d5  enablePulsoLcd                
000003eb  initLcd                       
000004d7  cmdLcd                        
00000539  initButt                      
000005c5  interruptPortB                
000005d5  interruptPortD                
000005e5  interruptPortF                
0000066d  initPwm                       
00000765  __aeabi_memcpy                
00000765  __aeabi_memcpy4               
00000765  __aeabi_memcpy8               
00000765  memcpy                        
00000801  initSysTick                   
00000811  systickWait                   
00000837  uDelay                        
0000086d  __TI_decompress_lzss          
000008d5  main                          
00000929  __TI_auto_init_nobinit_nopinit
0000096d  _c_int00_noargs               
000009a5  __TI_decompress_none          
000009b3  ResetISR                      
000009bf  _system_pre_init              
000009c3  C$$EXIT                       
000009c3  abort                         
000009d4  __TI_Handler_Table_Base       
000009dc  __TI_CINIT_Base               
000009dc  __TI_Handler_Table_Limit      
000009e4  __TI_CINIT_Limit              
20000000  __stack                       
20000200  __STACK_END                   
20000200  __STACK_TOP                   
20000200  g_porcentagem                 
20000210  g_tempoSystick                
ffffffff  __TI_pprof_out_hndl           
ffffffff  __TI_prof_data_size           
ffffffff  __TI_prof_data_start          
ffffffff  __binit__                     
ffffffff  __c_args__                    
ffffffff  binit                         
UNDEFED   __mpu_init                    
UNDEFED   _system_post_cinit            

[48 symbols]
